// Jest Snapshot v1, https://goo.gl/fbAQLP

exports[`failing named snapshot: snapname 1`] = `"bar"`;
