// Jest Snapshot v1, https://goo.gl/fbAQLP

exports[`prints message about flag on forceExit 1`] = `
"Force exiting Jest

Have you considered using \`--detectOpenHandles\` to detect async operations that kept running after all tests finished?"
`;

exports[`prints message about flag on slow tests 1`] = `
"Jest did not exit one second after the test run has completed.

This usually means that there are asynchronous operations that weren't stopped in your tests. Consider running Jest with \`--detectOpenHandles\` to troubleshoot this issue."
`;

exports[`prints out info about open handlers 1`] = `
"Jest has detected the following 1 open handle potentially keeping Jest from exiting:

  ●  GETADDRINFOREQWRAP

      5 | const app = new http.Server();
      6 | 
    > 7 | app.listen({host: 'localhost', port: 0});
        |     ^
      8 | 
      
      at Object.<anonymous> (server.js:7:5)
      at Object.<anonymous> (__tests__/test.js:3:1)"
`;
