// Jest Snapshot v1, https://goo.gl/fbAQLP

exports[`prints useful error for requires after test is done 1`] = `
"ReferenceError: You are trying to \`import\` a file after the Jest environment has been torn down.

       9 | test('require after done', () => {
      10 |   setTimeout(() => {
    > 11 |     const double = require('../');
         |                    ^
      12 | 
      13 |     expect(double(5)).toBe(10);
      14 |   }, 0);"
`;
